    Checking cfg-if v1.0.5
    Checking typenum v1.20.1
    Checking subtle v2.6.1
    Checking const-oid v0.9.6
    Checking getrandom v0.2.17
    Checking rand_core v0.6.4
    Checking serde_core v1.0.229
    Checking zeroize v1.9.0
    Checking cpufeatures v0.2.17
    Checking thiserror v2.0.20
    Checking bytemuck v1.25.2
    Checking five8_core v1.0.0
    Checking solana-sanitize v3.0.1
    Checking num-traits v0.2.19
    Checking solana-program-error v3.0.1
    Checking five8 v1.0.0
    Checking five8_const v1.0.0
    Checking solana-atomic-u64 v3.0.1
    Checking sha2-const-stable v0.1.0
    Checking generic-array v0.14.7
    Checking solana-instruction-error v2.4.0
    Checking num-integer v0.1.47
    Checking either v1.18.0
    Checking zerocopy v0.8.57
    Checking getrandom v0.3.4
    Checking arrayvec v0.7.8
    Checking once_cell v1.21.4
    Checking solana-transaction-error v3.3.2
    Checking crypto-common v0.1.7
    Checking block-buffer v0.10.4
    Checking solana-program-memory v3.1.0
    Checking log v0.4.34
    Checking lazy_static v1.5.0
    Checking hybrid-array v0.4.15
    Checking base64 v0.22.1
    Checking cmov v0.5.4
    Checking rand_core v0.9.5
    Checking solana-define-syscall v4.0.1
    Checking digest v0.10.7
    Checking ctutils v0.4.2
    Checking cpufeatures v0.3.1
    Checking constant_time_eq v0.4.2
    Checking block-buffer v0.12.1
    Checking crypto-common v0.2.2
    Checking sha2 v0.10.9
    Checking signature v2.2.0
    Checking hmac v0.12.1
    Checking memchr v2.8.3
    Checking byteorder v1.5.0
    Checking digest v0.11.3
    Checking num-bigint v0.4.8
    Checking ed25519 v2.2.3
    Checking ppv-lite86 v0.2.21
    Checking ahash v0.8.12
    Checking blake3 v1.8.7
    Checking solana-msg v3.1.0
    Checking serde v1.0.229
    Checking rand_chacha v0.3.1
    Checking rand_chacha v0.9.0
    Checking serde_bytes v0.11.19
    Checking bv v0.11.1
    Checking curve25519-dalek v4.1.3
    Checking rand v0.8.8
    Checking bincode v1.3.3
    Checking rand v0.9.5
    Checking wincode v0.5.5
    Checking void v1.0.2
    Checking tap v1.0.1
    Checking bitflags v2.13.2
    Checking solana-svm-feature-set v4.2.2
    Checking solana-hash v4.5.0
    Checking ed25519-dalek v2.2.0
    Checking solana-fee-calculator v3.2.2
    Checking solana-short-vec v3.2.2
    Checking radium v0.7.0
    Checking num-bigint v0.2.6
    Checking wyz v0.5.1
    Checking unreachable v1.0.0
    Checking solana-sha256-hasher v3.1.0
    Checking winapi v0.3.9
    Checking funty v2.0.0
    Checking ascii v0.9.3
    Checking num-complex v0.2.4
    Checking hash32 v0.3.1
    Checking solana-address v2.6.1
    Checking solana-signature v3.4.1
    Checking bitvec v1.1.1
    Checking num-iter v0.1.46
    Checking solana-pubkey v4.2.1
    Checking solana-sdk-ids v3.1.0
    Checking solana-get-sysvar v1.0.0
    Checking solana-account-info v3.1.1
    Checking combine v3.8.1
    Checking rustc-demangle v0.1.28
    Checking solana-instruction v3.4.1
    Checking solana-signer v3.0.1
    Checking solana-sysvar-id v3.1.0
    Checking solana-program-entrypoint v3.1.1
    Checking solana-serialize-utils v3.1.2
    Checking solana-epoch-schedule v3.2.0
    Checking solana-clock v3.1.1
    Checking solana-slot-hashes v3.1.0
    Checking solana-rent v4.3.0
    Checking solana-epoch-rewards v3.1.0
    Checking solana-last-restart-slot v3.1.0
    Checking solana-stake-history v1.0.0
    Checking solana-slot-history v3.1.0
    Checking solana-system-interface v3.2.0
    Checking solana-message v4.4.1
    Checking num-rational v0.2.4
    Checking solana-sysvar v4.1.0
    Checking solana-cpi v3.1.0
    Checking solana-instructions-sysvar v4.0.0
    Checking enum-iterator v2.3.0
    Checking itertools v0.14.0
    Checking num v0.2.1
    Checking solana-sbpf v0.21.1
    Checking solana-precompile-error v3.0.0
    Checking solana-account v4.3.2
    Checking rand_xorshift v0.3.0
    Checking eager v0.1.0
    Checking solana-fee-structure v3.0.0
    Checking solana-svm-callback v4.2.2
    Checking solana-stake-interface v4.3.0
    Checking solana-svm-timings v4.2.2
    Checking percentage v0.1.0
    Checking solana-stable-layout v3.0.1
    Checking solana-transaction v4.1.6
    Checking solana-loader-v3-interface v7.0.0
    Checking solana-svm-type-overrides v4.2.2
    Checking solana-svm-transaction v4.2.0
    Checking pbkdf2 v0.11.0
    Checking solana-svm-log-collector v4.2.2
    Checking solana-svm-measure v4.2.2
    Checking solana-seed-phrase v3.0.0
    Checking ark-std v0.5.0
    Checking ark-std v0.4.0
    Checking itertools v0.13.0
    Checking der v0.7.10
    Checking allocator-api2 v0.2.21
    Checking ark-serialize v0.5.0
    Checking ark-serialize v0.4.2
    Checking itertools v0.10.5
    Checking hashbrown v0.15.5
    Checking ark-ff v0.5.0
    Checking num_cpus v1.17.0
    Checking opaque-debug v0.3.1
    Checking solana-transaction-context v4.2.2
    Checking threadpool v1.8.1
    Checking solana-keypair v3.1.2
    Checking solana-program-runtime v4.2.2
    Checking hashbrown v0.13.2
    Checking ark-ff v0.4.2
    Checking spki v0.7.3
    Checking keccak v0.1.6
    Checking base16ct v0.2.0
    Checking ark-poly v0.5.0
    Checking sec1 v0.7.3
    Checking agave-feature-set v4.2.2
    Checking blst v0.3.17
    Checking solana-packet v4.2.0
    Checking crypto-bigint v0.5.5
    Checking ff v0.13.1
    Checking pkcs8 v0.10.2
    Checking inout v0.1.4
    Checking ark-ec v0.5.0
    Checking byte-slice-cast v1.2.3
    Checking cipher v0.4.4
    Checking group v0.13.0
    Checking thiserror v1.0.69
    Checking sha3 v0.10.9
    Checking zmij v1.0.23
    Checking pairing v0.23.0
    Checking blstrs v0.7.1
    Checking rfc6979 v0.4.0
    Checking digest v0.9.0
    Checking fnv v1.0.7
    Checking itoa v1.0.18
    Checking percent-encoding v2.3.2
    Checking ark-poly v0.4.2
    Checking uriparse v0.6.4
    Checking serde_json v1.0.151
    Checking qstring v0.7.2
    Checking crunchy v0.2.4
    Checking elliptic-curve v0.13.8
    Checking ark-ec v0.4.2
    Checking universal-hash v0.5.1
    Checking ecdsa v0.16.9
    Checking block-buffer v0.9.0
    Checking derivation-path v0.2.0
    Checking k256 v0.13.4
    Checking sha2 v0.9.9
    Checking polyval v0.6.2
    Checking ark-bn254 v0.5.0
    Checking solana-derivation-path v3.0.0
    Checking ark-bn254 v0.4.0
    Checking borsh v1.8.1
    Checking serde_with v3.23.0
    Checking libsecp256k1-core v0.3.0
    Checking ctr v0.9.2
    Checking light-poseidon v0.4.0
    Checking light-poseidon v0.2.0
    Checking aes v0.8.4
    Checking solana-bincode v3.1.0
    Checking aead v0.5.2
    Checking solana-hash-512 v1.1.0
    Checking arrayref v0.3.9
    Checking solana-bn254 v3.2.1
    Checking solana-sha512-hasher v1.0.1
    Checking solana-seed-derivable v3.0.0
    Checking solana-secp256k1-recover v3.3.0
    Checking solana-poseidon v4.0.0
    Checking solana-bls12-381-syscall v0.1.1
    Checking solana-keccak-hasher v3.1.0
    Checking merlin v3.0.0
    Checking libsecp256k1 v0.7.2
    Checking solana-nonce v3.2.1
    Checking aes-gcm-siv v0.11.1
    Checking solana-blake3-hasher v3.1.0
    Checking solana-curve25519 v4.0.1
    Checking solana-serde-varint v3.0.1
    Checking solana-nonce-account v4.1.1
    Checking solana-zk-sdk v5.0.1
    Checking solana-vote-interface v6.0.3
    Checking solana-bls-signatures v3.3.0
    Checking solana-compute-budget-interface v3.0.0
    Checking solana-borsh v3.0.2
    Checking solana-builtins-default-costs v4.2.2
    Checking solana-compute-budget v4.2.2
    Checking solana-address v1.1.0
    Checking solana-account-view v2.0.0
    Checking solana-pubkey v3.0.0
    Checking solana-compute-budget-instruction v4.2.2
    Checking solana-system-program v4.2.2
    Checking solana-instruction-view v2.1.0
    Checking solana-syscalls v4.2.2
    Checking agave-transaction-view v4.2.2
    Checking solana-zk-token-proof-program v4.2.2
    Checking solana-compute-budget-program v4.2.2
    Checking solana-bpf-loader-program v4.2.2
    Checking equivalent v1.0.2
    Checking hashbrown v0.17.1
    Checking solana-runtime-transaction v4.2.2
    Checking pinocchio v0.11.2
    Checking solana-loader-v4-interface v3.1.0
    Checking solana-fee v4.2.2
    Checking agave-reserved-account-keys v4.2.2
    Checking solana-feature-gate-interface v4.0.0
    Checking solana-loader-v3-interface v8.0.1
    Checking solana-address-lookup-table-interface v3.1.0
    Checking ansi_term v0.12.1
    Checking itertools v0.15.0
    Checking solana-native-token v3.0.0
    Checking solana-vote-program v4.2.2
    Checking qc-vault v0.1.0 (E:\000VSCODE PROJECT MULAI DARI DESEMBER 2025\QUANTCOIN\programs\qc-vault)
warning: variable does not need to be mutable
   --> programs\qc-vault\src\lib.rs:287:9
    |
287 |     let mut r = [0u64; 3];
    |         ----^
    |         |
    |         help: remove this `mut`
    |
    = note: `#[warn(unused_mut)]` (part of `#[warn(unused)]`) on by default

warning: doc list item overindented
  --> programs\qc-vault\src\lib.rs:24:5
   |
24 | //!                   token account for `mint` (any other account is refused)
   |     ^^^^^^^^^^^^^^^^^^ help: try using `     ` (5 spaces)
   |
   = help: for further information visit https://rust-lang.github.io/rust-clippy/rust-1.98.0/index.html#doc_overindented_list_items
   = note: `#[warn(clippy::doc_overindented_list_items)]` on by default

warning: doc list item overindented
  --> programs\qc-vault\src\lib.rs:28:5
   |
28 | //!                   normally the token account of the owner's NEXT vault
   |     ^^^^^^^^^^^^^^^^^^ help: try using `     ` (5 spaces)
   |
   = help: for further information visit https://rust-lang.github.io/rust-clippy/rust-1.98.0/index.html#doc_overindented_list_items

warning: the loop variable `i` is used to index `d`
   --> programs\qc-vault\src\wots.rs:161:18
    |
161 |         for i in 0..CHAINS {
    |                  ^^^^^^^^^
    |
    = help: for further information visit https://rust-lang.github.io/rust-clippy/rust-1.98.0/index.html#needless_range_loop
    = note: `#[warn(clippy::needless_range_loop)]` on by default
help: consider using an iterator and enumerate()
    |
161 -         for i in 0..CHAINS {
161 +         for (i, <item>) in d.iter().enumerate().take(CHAINS) {
    |

warning: `qc-vault` (lib) generated 4 warnings (run `cargo clippy --fix --lib -p qc-vault -- ` to apply 1 suggestion)
    Checking solana-zk-elgamal-proof-program v4.2.2
    Checking indexmap v2.14.2
    Checking solana-builtins v4.2.2
warning: `qc-vault` (lib) generated 4 warnings (4 duplicates)
    Checking litesvm v0.16.0
warning: `qc-vault` (lib test) generated 4 warnings (4 duplicates)
warning: the loop variable `k` is only used to index `b`
   --> programs\qc-vault\tests\fuzz.rs:190:18
    |
190 |         for k in 0..24 { if rng.below(4) == 0 { b[k] = b[k].saturating_add(rng.below(3) as u8); } }
    |                  ^^^^^
    |
    = help: for further information visit https://rust-lang.github.io/rust-clippy/rust-1.98.0/index.html#needless_range_loop
    = note: `#[warn(clippy::needless_range_loop)]` on by default
help: consider using an iterator
    |
190 -         for k in 0..24 { if rng.below(4) == 0 { b[k] = b[k].saturating_add(rng.below(3) as u8); } }
190 +         for <item> in &mut b { if rng.below(4) == 0 { b[k] = b[k].saturating_add(rng.below(3) as u8); } }
    |

warning: the loop variable `k` is only used to index `acc`
   --> programs\qc-vault\tests\fuzz.rs:369:29
    |
369 |             _ => { for k in 0..9 { if rng.below(3) == 0 { acc[k].pubkey = pool[rng.below(pool.len() as u64) as usize]; } } }
    |                             ^^^^
    |
    = help: for further information visit https://rust-lang.github.io/rust-clippy/rust-1.98.0/index.html#needless_range_loop
help: consider using an iterator
    |
369 -             _ => { for k in 0..9 { if rng.below(3) == 0 { acc[k].pubkey = pool[rng.below(pool.len() as u64) as usize]; } } }
369 +             _ => { for <item> in acc.iter_mut().take(9) { if rng.below(3) == 0 { acc[k].pubkey = pool[rng.below(pool.len() as u64) as usize]; } } }
    |

warning: `qc-vault` (test "fuzz") generated 2 warnings
    Finished `release` profile [optimized] target(s) in 4m 17s
EXIT=0 DUR=263s
