# Secrets scan 2026-10-03T18:53:24+08:00 — paths only, no contents
## Tracked files containing a 64-number JSON array (keypair format):
## Tracked files containing an 87/88-char base58 token (secret-key length):
WHITEPAPER.md
audit/AUDIT-MAINNET-2026-10-03.md
audit/allocations-devnet.json
audit/devnet-attack-run-v2.txt
audit/devnet-attack-run.json
audit/mainnet-allocate-run.txt
audit/mainnet-attack-run.json
audit/mainnet-attack-run.txt
client/allocations-mainnet.json
client/genesis-mainnet.json
client/genesis.json
client/squads-mainnet.json
docs/LAUNCH.md
## Tracked files matching seed phrase / mnemonic / private key words:
WHITEPAPER.md
design/APP-DESIGN-SPEC.md
programs/qc-vault/src/lib.rs
## Tracked files under keys dirs:
apps/native/lib/keystore.dart
apps/native/test/keystore_test.dart
scripts/backup-keys.sh
scripts/restore-keys.sh
## History: files ever added under keys/ or *keypair*:
## History: commits whose diff adds a 64-number JSON array:
## .gitignore covers keys:
27:/client/keys/
28:/client/keys-*/
checked 278 tracked files, 90 long base58 tokens, 0 decode to a valid Ed25519 secret key (secret||pubkey consistent)
