# npm audit report

bigint-buffer  *
Severity: high
bigint-buffer Vulnerable to Buffer Overflow via toBigIntLE() Function - https://github.com/advisories/GHSA-3gc7-fjrx-p6mg
fix available via `npm audit fix --force`
Will install @solana/spl-token@0.1.8, which is a breaking change
node_modules/bigint-buffer
  @solana/buffer-layout-utils  *
  Depends on vulnerable versions of @solana/web3.js
  Depends on vulnerable versions of bigint-buffer
  node_modules/@solana/buffer-layout-utils
  node_modules/@sqds/multisig/node_modules/@solana/buffer-layout-utils
    @solana/spl-token  *
    Depends on vulnerable versions of @solana/buffer-layout-utils
    Depends on vulnerable versions of @solana/spl-token-group
    Depends on vulnerable versions of @solana/spl-token-metadata
    Depends on vulnerable versions of @solana/web3.js
    node_modules/@solana/spl-token
    node_modules/@sqds/multisig/node_modules/@solana/spl-token
      @sqds/multisig  *
      Depends on vulnerable versions of @metaplex-foundation/beet-solana
      Depends on vulnerable versions of @solana/spl-token
      Depends on vulnerable versions of @solana/web3.js
      node_modules/@sqds/multisig

stream-json  <=3.4.0
Severity: moderate
stream-json: pick/ignore/filter/replace filters are O(depth²) on nested input — small crafted JSON blocks the event loop for seconds→minutes (DoS) - https://github.com/advisories/GHSA-528h-pc64-c93x
fix available via `npm audit fix --force`
Will install @solana/spl-token@0.1.8, which is a breaking change
node_modules/stream-json
  jayson  2.0.6 - 4.3.0
  Depends on vulnerable versions of stream-json
  Depends on vulnerable versions of uuid
  node_modules/jayson
    @solana/web3.js  <=0.0.0-pr-29130 || 0.0.4 - 1.99.0
    Depends on vulnerable versions of jayson
    node_modules/@solana/web3.js
      @coral-xyz/borsh  *
      Depends on vulnerable versions of @solana/web3.js
      node_modules/@coral-xyz/borsh
      @metaplex-foundation/beet-solana  *
      Depends on vulnerable versions of @solana/web3.js
      node_modules/@metaplex-foundation/beet-solana
      @solana/spl-token-group  *
      Depends on vulnerable versions of @solana/web3.js
      node_modules/@solana/spl-token-group
      @solana/spl-token-metadata  *
      Depends on vulnerable versions of @solana/web3.js
      node_modules/@solana/spl-token-metadata

toml  <=4.1.2
Severity: high
toml-node: Uncontrolled Recursion - https://github.com/advisories/GHSA-82x6-q7mm-w9cf
toml-node: Prototype Pollution Leads to `Object.prototype` Corruption via `__proto__` Key-Path Desynchronization - https://github.com/advisories/GHSA-v5mp-jgw5-2x6j
No fix available
node_modules/toml
  @coral-xyz/anchor  *
  Depends on vulnerable versions of @coral-xyz/borsh
  Depends on vulnerable versions of @solana/web3.js
  Depends on vulnerable versions of toml
  node_modules/@coral-xyz/anchor
    @meteora-ag/cp-amm-sdk  *
    Depends on vulnerable versions of @coral-xyz/anchor
    Depends on vulnerable versions of @solana/spl-token
    Depends on vulnerable versions of @solana/web3.js
    node_modules/@meteora-ag/cp-amm-sdk

uuid  <11.1.1
Severity: moderate
uuid: Missing buffer bounds check in v3/v5/v6 when buf is provided - https://github.com/advisories/GHSA-w5hq-g745-h8pq
fix available via `npm audit fix --force`
Will install @solana/spl-token@0.1.8, which is a breaking change
node_modules/uuid

15 vulnerabilities (8 moderate, 7 high)

To address issues that do not require attention, run:
  npm audit fix

To address all issues possible (including breaking changes), run:
  npm audit fix --force

Some issues need review, and may require choosing
a different dependency.
